// Jest Snapshot v1, https://goo.gl/fbAQLP

exports[`ProjectGallery should match the snapshot 1`] = `ShallowWrapper {}`;
